{
  "version": "1.5.0",
  "plugins_used": [
    {
      "name": "ArtifactoryDetector"
    },
    {
      "name": "AWSKeyDetector"
    },
    {
      "name": "AzureStorageKeyDetector"
    },
    {
      "name": "Base64HighEntropyString",
      "limit": 4.5
    },
    {
      "name": "BasicAuthDetector"
    },
    {
      "name": "CloudantDetector"
    },
    {
      "name": "DiscordBotTokenDetector"
    },
    {
      "name": "GitHubTokenDetector"
    },
    {
      "name": "GitLabTokenDetector"
    },
    {
      "name": "HexHighEntropyString",
      "limit": 3.0
    },
    {
      "name": "IbmCloudIamDetector"
    },
    {
      "name": "IbmCosHmacDetector"
    },
    {
      "name": "IPPublicDetector"
    },
    {
      "name": "JwtTokenDetector"
    },
    {
      "name": "KeywordDetector",
      "keyword_exclude": ""
    },
    {
      "name": "MailchimpDetector"
    },
    {
      "name": "NpmDetector"
    },
    {
      "name": "OpenAIDetector"
    },
    {
      "name": "PrivateKeyDetector"
    },
    {
      "name": "PypiTokenDetector"
    },
    {
      "name": "SendGridDetector"
    },
    {
      "name": "SlackDetector"
    },
    {
      "name": "SoftlayerDetector"
    },
    {
      "name": "SquareOAuthDetector"
    },
    {
      "name": "StripeDetector"
    },
    {
      "name": "TelegramBotTokenDetector"
    },
    {
      "name": "TwilioKeyDetector"
    }
  ],
  "filters_used": [
    {
      "path": "detect_secrets.filters.allowlist.is_line_allowlisted"
    },
    {
      "path": "detect_secrets.filters.common.is_baseline_file",
      "filename": ".secrets.baseline"
    },
    {
      "path": "detect_secrets.filters.common.is_ignored_due_to_verification_policies",
      "min_level": 2
    },
    {
      "path": "detect_secrets.filters.heuristic.is_indirect_reference"
    },
    {
      "path": "detect_secrets.filters.heuristic.is_likely_id_string"
    },
    {
      "path": "detect_secrets.filters.heuristic.is_lock_file"
    },
    {
      "path": "detect_secrets.filters.heuristic.is_not_alphanumeric_string"
    },
    {
      "path": "detect_secrets.filters.heuristic.is_potential_uuid"
    },
    {
      "path": "detect_secrets.filters.heuristic.is_prefixed_with_dollar_sign"
    },
    {
      "path": "detect_secrets.filters.heuristic.is_sequential_string"
    },
    {
      "path": "detect_secrets.filters.heuristic.is_swagger_file"
    },
    {
      "path": "detect_secrets.filters.heuristic.is_templated_secret"
    }
  ],
  "results": {
    "comfyui_sigmax\\workflows\\host_baseline.json": [
      {
        "type": "Hex High Entropy String",
        "filename": "comfyui_sigmax\\workflows\\host_baseline.json",
        "hashed_secret": "024469e0164c7a1285a3177a3ab35c7b110d39b9",
        "is_verified": false,
        "line_number": 4
      }
    ],
    "comfyui_sigmax\\workflows\\validation.py": [
      {
        "type": "Hex High Entropy String",
        "filename": "comfyui_sigmax\\workflows\\validation.py",
        "hashed_secret": "024469e0164c7a1285a3177a3ab35c7b110d39b9",
        "is_verified": false,
        "line_number": 37
      }
    ],
    "tests\\compatibility\\fixtures\\comfyui_head_v1.json": [
      {
        "type": "Hex High Entropy String",
        "filename": "tests\\compatibility\\fixtures\\comfyui_head_v1.json",
        "hashed_secret": "ba2d9a512ac48100b11ca25836a795bc97546b8a",
        "is_verified": false,
        "line_number": 1
      }
    ],
    "tests\\compatibility\\fixtures\\comfyui_release_v0292_v1.json": [
      {
        "type": "Hex High Entropy String",
        "filename": "tests\\compatibility\\fixtures\\comfyui_release_v0292_v1.json",
        "hashed_secret": "985aa069eea4d28101857c9f25efd3f7574c971c",
        "is_verified": false,
        "line_number": 1
      }
    ],
    "tests\\compatibility\\fixtures\\dependency_compatibility_evidence_v1.json": [
      {
        "type": "Hex High Entropy String",
        "filename": "tests\\compatibility\\fixtures\\dependency_compatibility_evidence_v1.json",
        "hashed_secret": "ba2d9a512ac48100b11ca25836a795bc97546b8a",
        "is_verified": false,
        "line_number": 52
      },
      {
        "type": "Hex High Entropy String",
        "filename": "tests\\compatibility\\fixtures\\dependency_compatibility_evidence_v1.json",
        "hashed_secret": "985aa069eea4d28101857c9f25efd3f7574c971c",
        "is_verified": false,
        "line_number": 72
      }
    ],
    "tests\\golden\\anima_v1.json": [
      {
        "type": "Hex High Entropy String",
        "filename": "tests\\golden\\anima_v1.json",
        "hashed_secret": "4e88ff4cb19447d3a5423e07847e8f8dab9f0b6b",
        "is_verified": false,
        "line_number": 4
      },
      {
        "type": "Hex High Entropy String",
        "filename": "tests\\golden\\anima_v1.json",
        "hashed_secret": "f58458136cb7e75d5ca36d42759b1a3bad4dd74f",
        "is_verified": false,
        "line_number": 5
      },
      {
        "type": "Hex High Entropy String",
        "filename": "tests\\golden\\anima_v1.json",
        "hashed_secret": "ba2d9a512ac48100b11ca25836a795bc97546b8a",
        "is_verified": false,
        "line_number": 6
      }
    ],
    "tests\\golden\\test_anima_phase0_goldens.py": [
      {
        "type": "Hex High Entropy String",
        "filename": "tests\\golden\\test_anima_phase0_goldens.py",
        "hashed_secret": "4e88ff4cb19447d3a5423e07847e8f8dab9f0b6b",
        "is_verified": false,
        "line_number": 30
      },
      {
        "type": "Hex High Entropy String",
        "filename": "tests\\golden\\test_anima_phase0_goldens.py",
        "hashed_secret": "f58458136cb7e75d5ca36d42759b1a3bad4dd74f",
        "is_verified": false,
        "line_number": 31
      },
      {
        "type": "Hex High Entropy String",
        "filename": "tests\\golden\\test_anima_phase0_goldens.py",
        "hashed_secret": "ba2d9a512ac48100b11ca25836a795bc97546b8a",
        "is_verified": false,
        "line_number": 32
      }
    ],
    "tests\\golden\\wan_v1.json": [
      {
        "type": "Hex High Entropy String",
        "filename": "tests\\golden\\wan_v1.json",
        "hashed_secret": "5c2a1ae717b4a560a897024cd35315259a766130",
        "is_verified": false,
        "line_number": 1
      },
      {
        "type": "Hex High Entropy String",
        "filename": "tests\\golden\\wan_v1.json",
        "hashed_secret": "82646227edf451d1da04d45e198a1071c461a6c1",
        "is_verified": false,
        "line_number": 1
      },
      {
        "type": "Hex High Entropy String",
        "filename": "tests\\golden\\wan_v1.json",
        "hashed_secret": "ba2d9a512ac48100b11ca25836a795bc97546b8a",
        "is_verified": false,
        "line_number": 1
      },
      {
        "type": "Hex High Entropy String",
        "filename": "tests\\golden\\wan_v1.json",
        "hashed_secret": "ef2388a309fa35d5401f5952a447ca13a96ee801",
        "is_verified": false,
        "line_number": 1
      }
    ],
    "tests\\parity\\test_anima_phase0_parity.py": [
      {
        "type": "Hex High Entropy String",
        "filename": "tests\\parity\\test_anima_phase0_parity.py",
        "hashed_secret": "4e88ff4cb19447d3a5423e07847e8f8dab9f0b6b",
        "is_verified": false,
        "line_number": 42
      },
      {
        "type": "Hex High Entropy String",
        "filename": "tests\\parity\\test_anima_phase0_parity.py",
        "hashed_secret": "f58458136cb7e75d5ca36d42759b1a3bad4dd74f",
        "is_verified": false,
        "line_number": 43
      },
      {
        "type": "Hex High Entropy String",
        "filename": "tests\\parity\\test_anima_phase0_parity.py",
        "hashed_secret": "ba2d9a512ac48100b11ca25836a795bc97546b8a",
        "is_verified": false,
        "line_number": 44
      }
    ],
    "tests\\golden\\minimax_h3_v1.json": [
      {
        "type": "Hex High Entropy String",
        "filename": "tests\\golden\\minimax_h3_v1.json",
        "hashed_secret": "6853b500b7ed4f0a6291babd81cd37940c265566",
        "is_verified": false,
        "line_number": 4
      },
      {
        "type": "Hex High Entropy String",
        "filename": "tests\\golden\\minimax_h3_v1.json",
        "hashed_secret": "1f5461784787d4587c48143cf68c637fb1752cd5",
        "is_verified": false,
        "line_number": 5
      },
      {
        "type": "Hex High Entropy String",
        "filename": "tests\\golden\\minimax_h3_v1.json",
        "hashed_secret": "4aba5a3e4afbe9d4fe928623e8cf4e9eb8a25359",
        "is_verified": false,
        "line_number": 6
      },
      {
        "type": "Hex High Entropy String",
        "filename": "tests\\golden\\minimax_h3_v1.json",
        "hashed_secret": "96adb36fe680bfa98858d65570e344b479357358",
        "is_verified": false,
        "line_number": 7
      }
    ],
    "tests\\golden\\ltx_v1.json": [
      {
        "type": "Hex High Entropy String",
        "filename": "tests\\golden\\ltx_v1.json",
        "hashed_secret": "2cedf17c05af3a8b11f738b4746985d81e08ff44",
        "is_verified": false,
        "line_number": 4
      },
      {
        "type": "Hex High Entropy String",
        "filename": "tests\\golden\\ltx_v1.json",
        "hashed_secret": "b1e22121b8440cc48bc6387d84f254188c856108",
        "is_verified": false,
        "line_number": 5
      },
      {
        "type": "Hex High Entropy String",
        "filename": "tests\\golden\\ltx_v1.json",
        "hashed_secret": "63bc0d3b0f7d8c8b475225756a6701797e0122a6",
        "is_verified": false,
        "line_number": 6
      },
      {
        "type": "Hex High Entropy String",
        "filename": "tests\\golden\\ltx_v1.json",
        "hashed_secret": "f80165277d2a802b2db0856b95bf5b014bb712fa",
        "is_verified": false,
        "line_number": 7
      },
      {
        "type": "Hex High Entropy String",
        "filename": "tests\\golden\\ltx_v1.json",
        "hashed_secret": "595b4862674273ee25a07b9c1c2018a68d79874a",
        "is_verified": false,
        "line_number": 8
      },
      {
        "type": "Hex High Entropy String",
        "filename": "tests\\golden\\ltx_v1.json",
        "hashed_secret": "ba2d9a512ac48100b11ca25836a795bc97546b8a",
        "is_verified": false,
        "line_number": 9
      },
      {
        "type": "Hex High Entropy String",
        "filename": "tests\\golden\\ltx_v1.json",
        "hashed_secret": "ef2388a309fa35d5401f5952a447ca13a96ee801",
        "is_verified": false,
        "line_number": 10
      }
    ]
  },
  "generated_at": "2026-08-04T00:00:00Z"
}
